// Jest Snapshot v1, https://goo.gl/fbAQLP

exports[`PokemonPage Debe de hacer macth al cargar los pokemons 1`] = `
<div>
  <h1>Quién es este pokémon?</h1>
  <pokemon-image-stub pokemonid="1" showpokemon="false"></pokemon-image-stub>
  <pokemon-options-stub options="[object Object],[object Object],[object Object],[object Object]"></pokemon-options-stub>
  <!--v-if-->
</div>
`;
