// Jest Snapshot v1, https://goo.gl/fbAQLP

exports[`PokemonOptions component Debe de hacer math con el snapshot 1`] = `
<div class="options-container">
  <ul class="fade-in">
    <li>bulbasaur</li>
    <li>ivysaur</li>
    <li>venusaur</li>
    <li>charmander</li>
  </ul>
</div>
`;
